bun test v1.3.10 (30e609e0)

tools/scripts/changeset-check.test.ts:
changeset-check: OK — direct changeset coverage for 1 publishable package(s)
changeset-check: OK — direct changeset coverage for 1 publishable package(s)
changeset-check: OK — direct changeset coverage for 1 publishable package(s)
changeset-check: OK — direct changeset coverage for 1 publishable package(s)
changeset-check: OK — no publishable package paths changed
changeset-check: OK — no publishable package paths changed
changeset-check: OK — no publishable package paths changed
changeset-check: OK — no publishable package paths changed
changeset-check: OK — direct changeset coverage for 1 publishable package(s)
changeset-check: OK — direct changeset coverage for 1 publishable package(s)
changeset-check: OK — direct changeset coverage for 1 publishable package(s)
changeset-check: OK — direct changeset coverage for 1 publishable package(s)
changeset-check: OK — consumed changesets reproduce the generated public release
changeset-check: OK — consumed changesets reproduce the generated public release

 26 pass
 0 fail
 155 expect() calls
Ran 26 tests across 1 file. [6.27s]
