Historical refreshed-toolchain verification excerpt; terminal color sequences removed.
Producing command: bun run verify (inherited locale). Exit: 1.
Recommended reproduction: LC_ALL=C bun run verify.
Source: nixpkgs c2f38fe7f9e04d9aadd354d380f2bd40531d9737, nixpkgs-src c7def046b9a883d46974757852106483d741586f.

$ bun tools/conformance/vocabulary/validate-vocabulary.ts
vocabulary-check verification passed

==> machine authority guardrails
$ bun tools/scripts/authority-guardrails/authority-guardrails.ts
freshness-check: tuvren.telemetry.semconv regenerate command failed for spec/telemetry/artifacts/otel-attributes.json: ec/telemetry/semconv/
telemetry-spec:   │ registry_manifest.yaml" is deprecated. The 'semconv_version' and
telemetry-spec:   │ 'schema_base_url' fields are deprecated in favor of 'schema_url'.
telemetry-spec: Total execution time: 0.073336355s
telemetry-spec:
telemetry-spec:       at runWeaverRegistryCheck (/home/oscar/GitHub/Tuvren/framework-bn/tools/scripts/telemetry-codegen.ts:213:15)
telemetry-spec:       at async main (/home/oscar/GitHub/Tuvren/framework-bn/tools/scripts/telemetry-codegen.ts:74:9)
telemetry-spec:
telemetry-spec: Bun v1.4.2 (Linux x64)

error: script "nx" exited with code 1
freshness-check: tuvren.telemetry.semconv regenerate command failed for spec/telemetry/artifacts/semantic-conventions.md: ec/telemetry/semconv/
telemetry-spec:   │ registry_manifest.yaml" is deprecated. The 'semconv_version' and
telemetry-spec:   │ 'schema_base_url' fields are deprecated in favor of 'schema_url'.
telemetry-spec: Total execution time: 0.073336355s
telemetry-spec:
telemetry-spec:       at runWeaverRegistryCheck (/home/oscar/GitHub/Tuvren/framework-bn/tools/scripts/telemetry-codegen.ts:213:15)
telemetry-spec:       at async main (/home/oscar/GitHub/Tuvren/framework-bn/tools/scripts/telemetry-codegen.ts:74:9)
telemetry-spec:
telemetry-spec: Bun v1.4.2 (Linux x64)

error: script "nx" exited with code 1
freshness-check: tuvren.telemetry.semconv regenerate command failed for typescript/telemetry/semconv/src/lib/generated/tuvren-runtime-telemetry.ts: ec/telemetry/semconv/
telemetry-spec:   │ registry_manifest.yaml" is deprecated. The 'semconv_version' and
telemetry-spec:   │ 'schema_base_url' fields are deprecated in favor of 'schema_url'.
telemetry-spec: Total execution time: 0.073336355s
telemetry-spec:
telemetry-spec:       at runWeaverRegistryCheck (/home/oscar/GitHub/Tuvren/framework-bn/tools/scripts/telemetry-codegen.ts:213:15)
telemetry-spec:       at async main (/home/oscar/GitHub/Tuvren/framework-bn/tools/scripts/telemetry-codegen.ts:74:9)
telemetry-spec:
telemetry-spec: Bun v1.4.2 (Linux x64)

error: script "nx" exited with code 1
freshness-check: tuvren.telemetry.semconv regenerate command failed for rust/kernel/src/generated/tuvren_runtime_telemetry.rs: ec/telemetry/semconv/
telemetry-spec:   │ registry_manifest.yaml" is deprecated. The 'semconv_version' and
telemetry-spec:   │ 'schema_base_url' fields are deprecated in favor of 'schema_url'.
telemetry-spec: Total execution time: 0.073336355s
telemetry-spec:
telemetry-spec:       at runWeaverRegistryCheck (/home/oscar/GitHub/Tuvren/framework-bn/tools/scripts/telemetry-codegen.ts:213:15)
telemetry-spec:       at async main (/home/oscar/GitHub/Tuvren/framework-bn/tools/scripts/telemetry-codegen.ts:74:9)
telemetry-spec:
telemetry-spec: Bun v1.4.2 (Linux x64)
- workspace test-lane coverage: pass in 120ms
- certification harness meta-conformance: pass in 1204ms
- vocabulary-check verification: pass in 952ms
- machine authority guardrails: fail (1) in 12704ms
error: script "verify" exited with code 1


Transition verification summary
- workspace lint: pass in 2884ms
- Rust workspace formatting: pass in 495ms
- docs-to-authority freeze gate: pass in 327ms
- Epic AL portability gate: pass in 205ms
- ADR-0057 host import boundary gate: pass in 1921ms
- ADR-0054/0056 API-surface freeze gate: pass in 2176ms
- Epic AF conformance gap plan freshness: pass in 90ms
- authority packet validation: pass in 666ms
- conformance plan validation: pass in 901ms
- adapter protocol validation: pass in 753ms
- certification discovery parity: pass in 108ms
- workspace test-lane coverage: pass in 120ms
- certification harness meta-conformance: pass in 1204ms
- vocabulary-check verification: pass in 952ms
- machine authority guardrails: fail (1) in 12704ms
error: script "verify" exited with code 1
