Historical verification of the retained PostgreSQL17 guard based on commit 6d6f1f31659ccf755e8259d38bbc13f5384bc4ce with the uncommitted one-line guard. This is not Bun1.4.2 acceptance.

Producing command: bun run check (inherited locale). Worker exit: 0.
Transition verification summary
- docs-to-authority freeze gate: pass in 406ms
- Epic AL portability gate: pass in 269ms
- ADR-0057 host import boundary gate: pass in 1762ms
- ADR-0054/0056 API-surface freeze gate: pass in 1004ms
- Epic AF conformance gap plan freshness: pass in 170ms
- authority packet validation: pass in 517ms
- conformance plan validation: pass in 513ms
- adapter protocol validation: pass in 538ms
- certification discovery parity: pass in 116ms
- workspace test-lane coverage: pass in 164ms
- certification harness meta-conformance: pass in 470ms
- vocabulary-check verification: pass in 253ms
- affected typecheck/test/lint (base master): pass in 129203ms

Command: LC_ALL=C bun run verify. Independent lead exit: 0.
Transition verification summary
- workspace lint: pass in 2721ms
- Rust workspace formatting: pass in 480ms
- docs-to-authority freeze gate: pass in 361ms
- Epic AL portability gate: pass in 285ms
- ADR-0057 host import boundary gate: pass in 2588ms
- ADR-0054/0056 API-surface freeze gate: pass in 1927ms
- Epic AF conformance gap plan freshness: pass in 152ms
- authority packet validation: pass in 801ms
- conformance plan validation: pass in 1052ms
- adapter protocol validation: pass in 717ms
- certification discovery parity: pass in 146ms
- workspace test-lane coverage: pass in 233ms
- certification harness meta-conformance: pass in 1036ms
- vocabulary-check verification: pass in 482ms
- machine authority guardrails: pass in 7898ms
- Rust workspace lint: pass in 1575ms
- Rust workspace tests: pass in 3337ms
- Rust kernel certification: pass in 2086ms
- Rust kernel gRPC interop smoke: pass in 2463ms
- Go kernel certification: pass in 1004ms
- Python kernel certification: pass in 1111ms
- Dart kernel certification: pass in 2431ms
- telemetry, compatibility, and interop code generation: pass in 5196ms
- kernel interop governance smoke: pass in 3171ms
- workspace typecheck: pass in 629ms
- transition-line targeted builds: pass in 724ms
- transition-line targeted tests: pass in 874ms
- boundary-owned conformance suites: pass in 1515ms
- cross-language proving-host interactive/headless interop smoke: pass in 75530ms
- package export smoke tests: pass in 1798ms
- Bun and Node portability import checks: pass in 958ms
- Node-backed proving-host SQLite interactive/headless scenario: pass in 3056ms
- PostgreSQL-backed proving-host interactive/headless scenario: pass in 17811ms
